19:48:06 **** Build of configuration Debug for project TEST_RDB_IBT-2 ****
make -j4 all 
arm-none-eabi-gcc -mcpu=cortex-m4 -g3 -c -x assembler-with-cpp --specs=nano.specs -mfpu=fpv4-sp-d16 -mfloat-abi=hard -mthumb -o "Startup/startup_stm32f427iihx.o" "../Startup/startup_stm32f427iihx.s"
arm-none-eabi-g++ "../Src/IBT-2.cpp" -mcpu=cortex-m4 -std=gnu++14 -g3 -DSTM32F427xx -DUSE_HAL_DRIVER -DDEBUG -c -I../Inc -IC:/Users/miyot/STM32Cube/Repository/STM32Cube_FW_F4_V1.24.1/Drivers/CMSIS/Device/ST/STM32F4xx/Include -IC:/Users/miyot/STM32Cube/Repository/STM32Cube_FW_F4_V1.24.1/Drivers/CMSIS/Include -IC:/Users/miyot/STM32Cube/Repository/STM32Cube_FW_F4_V1.24.1/Drivers/STM32F4xx_HAL_Driver/Inc -IC:/Users/miyot/STM32Cube/Repository/STM32Cube_FW_F4_V1.24.1/Drivers/STM32F4xx_HAL_Driver/Inc/Legacy -O0 -ffunction-sections -fdata-sections -fno-exceptions -fno-rtti -fno-threadsafe-statics -fno-use-cxa-atexit -Wall -fstack-usage -MMD -MP -MF"Src/IBT-2.d" -MT"Src/IBT-2.o" --specs=nano.specs -mfpu=fpv4-sp-d16 -mfloat-abi=hard -mthumb -o "Src/IBT-2.o"
arm-none-eabi-gcc "../Src/dma.c" -mcpu=cortex-m4 -std=gnu11 -g3 -DSTM32F427xx -DUSE_HAL_DRIVER -DDEBUG -c -I../Inc -IC:/Users/miyot/STM32Cube/Repository/STM32Cube_FW_F4_V1.24.1/Drivers/CMSIS/Device/ST/STM32F4xx/Include -IC:/Users/miyot/STM32Cube/Repository/STM32Cube_FW_F4_V1.24.1/Drivers/CMSIS/Include -IC:/Users/miyot/STM32Cube/Repository/STM32Cube_FW_F4_V1.24.1/Drivers/STM32F4xx_HAL_Driver/Inc -IC:/Users/miyot/STM32Cube/Repository/STM32Cube_FW_F4_V1.24.1/Drivers/STM32F4xx_HAL_Driver/Inc/Legacy -O0 -ffunction-sections -fdata-sections -Wall -fstack-usage -MMD -MP -MF"Src/dma.d" -MT"Src/dma.o" --specs=nano.specs -mfpu=fpv4-sp-d16 -mfloat-abi=hard -mthumb -o "Src/dma.o"
arm-none-eabi-gcc "../Src/gpio.c" -mcpu=cortex-m4 -std=gnu11 -g3 -DSTM32F427xx -DUSE_HAL_DRIVER -DDEBUG -c -I../Inc -IC:/Users/miyot/STM32Cube/Repository/STM32Cube_FW_F4_V1.24.1/Drivers/CMSIS/Device/ST/STM32F4xx/Include -IC:/Users/miyot/STM32Cube/Repository/STM32Cube_FW_F4_V1.24.1/Drivers/CMSIS/Include -IC:/Users/miyot/STM32Cube/Repository/STM32Cube_FW_F4_V1.24.1/Drivers/STM32F4xx_HAL_Driver/Inc -IC:/Users/miyot/STM32Cube/Repository/STM32Cube_FW_F4_V1.24.1/Drivers/STM32F4xx_HAL_Driver/Inc/Legacy -O0 -ffunction-sections -fdata-sections -Wall -fstack-usage -MMD -MP -MF"Src/gpio.d" -MT"Src/gpio.o" --specs=nano.specs -mfpu=fpv4-sp-d16 -mfloat-abi=hard -mthumb -o "Src/gpio.o"
arm-none-eabi-g++ "../Src/main.cpp" -mcpu=cortex-m4 -std=gnu++14 -g3 -DSTM32F427xx -DUSE_HAL_DRIVER -DDEBUG -c -I../Inc -IC:/Users/miyot/STM32Cube/Repository/STM32Cube_FW_F4_V1.24.1/Drivers/CMSIS/Device/ST/STM32F4xx/Include -IC:/Users/miyot/STM32Cube/Repository/STM32Cube_FW_F4_V1.24.1/Drivers/CMSIS/Include -IC:/Users/miyot/STM32Cube/Repository/STM32Cube_FW_F4_V1.24.1/Drivers/STM32F4xx_HAL_Driver/Inc -IC:/Users/miyot/STM32Cube/Repository/STM32Cube_FW_F4_V1.24.1/Drivers/STM32F4xx_HAL_Driver/Inc/Legacy -O0 -ffunction-sections -fdata-sections -fno-exceptions -fno-rtti -fno-threadsafe-statics -fno-use-cxa-atexit -Wall -fstack-usage -MMD -MP -MF"Src/main.d" -MT"Src/main.o" --specs=nano.specs -mfpu=fpv4-sp-d16 -mfloat-abi=hard -mthumb -o "Src/main.o"
arm-none-eabi-gcc "../Src/spi.c" -mcpu=cortex-m4 -std=gnu11 -g3 -DSTM32F427xx -DUSE_HAL_DRIVER -DDEBUG -c -I../Inc -IC:/Users/miyot/STM32Cube/Repository/STM32Cube_FW_F4_V1.24.1/Drivers/CMSIS/Device/ST/STM32F4xx/Include -IC:/Users/miyot/STM32Cube/Repository/STM32Cube_FW_F4_V1.24.1/Drivers/CMSIS/Include -IC:/Users/miyot/STM32Cube/Repository/STM32Cube_FW_F4_V1.24.1/Drivers/STM32F4xx_HAL_Driver/Inc -IC:/Users/miyot/STM32Cube/Repository/STM32Cube_FW_F4_V1.24.1/Drivers/STM32F4xx_HAL_Driver/Inc/Legacy -O0 -ffunction-sections -fdata-sections -Wall -fstack-usage -MMD -MP -MF"Src/spi.d" -MT"Src/spi.o" --specs=nano.specs -mfpu=fpv4-sp-d16 -mfloat-abi=hard -mthumb -o "Src/spi.o"
arm-none-eabi-gcc "../Src/stm32f4xx_hal_msp.c" -mcpu=cortex-m4 -std=gnu11 -g3 -DSTM32F427xx -DUSE_HAL_DRIVER -DDEBUG -c -I../Inc -IC:/Users/miyot/STM32Cube/Repository/STM32Cube_FW_F4_V1.24.1/Drivers/CMSIS/Device/ST/STM32F4xx/Include -IC:/Users/miyot/STM32Cube/Repository/STM32Cube_FW_F4_V1.24.1/Drivers/CMSIS/Include -IC:/Users/miyot/STM32Cube/Repository/STM32Cube_FW_F4_V1.24.1/Drivers/STM32F4xx_HAL_Driver/Inc -IC:/Users/miyot/STM32Cube/Repository/STM32Cube_FW_F4_V1.24.1/Drivers/STM32F4xx_HAL_Driver/Inc/Legacy -O0 -ffunction-sections -fdata-sections -Wall -fstack-usage -MMD -MP -MF"Src/stm32f4xx_hal_msp.d" -MT"Src/stm32f4xx_hal_msp.o" --specs=nano.specs -mfpu=fpv4-sp-d16 -mfloat-abi=hard -mthumb -o "Src/stm32f4xx_hal_msp.o"
arm-none-eabi-gcc "../Src/stm32f4xx_it.c" -mcpu=cortex-m4 -std=gnu11 -g3 -DSTM32F427xx -DUSE_HAL_DRIVER -DDEBUG -c -I../Inc -IC:/Users/miyot/STM32Cube/Repository/STM32Cube_FW_F4_V1.24.1/Drivers/CMSIS/Device/ST/STM32F4xx/Include -IC:/Users/miyot/STM32Cube/Repository/STM32Cube_FW_F4_V1.24.1/Drivers/CMSIS/Include -IC:/Users/miyot/STM32Cube/Repository/STM32Cube_FW_F4_V1.24.1/Drivers/STM32F4xx_HAL_Driver/Inc -IC:/Users/miyot/STM32Cube/Repository/STM32Cube_FW_F4_V1.24.1/Drivers/STM32F4xx_HAL_Driver/Inc/Legacy -O0 -ffunction-sections -fdata-sections -Wall -fstack-usage -MMD -MP -MF"Src/stm32f4xx_it.d" -MT"Src/stm32f4xx_it.o" --specs=nano.specs -mfpu=fpv4-sp-d16 -mfloat-abi=hard -mthumb -o "Src/stm32f4xx_it.o"
arm-none-eabi-gcc "../Src/syscalls.c" -mcpu=cortex-m4 -std=gnu11 -g3 -DSTM32F427xx -DUSE_HAL_DRIVER -DDEBUG -c -I../Inc -IC:/Users/miyot/STM32Cube/Repository/STM32Cube_FW_F4_V1.24.1/Drivers/CMSIS/Device/ST/STM32F4xx/Include -IC:/Users/miyot/STM32Cube/Repository/STM32Cube_FW_F4_V1.24.1/Drivers/CMSIS/Include -IC:/Users/miyot/STM32Cube/Repository/STM32Cube_FW_F4_V1.24.1/Drivers/STM32F4xx_HAL_Driver/Inc -IC:/Users/miyot/STM32Cube/Repository/STM32Cube_FW_F4_V1.24.1/Drivers/STM32F4xx_HAL_Driver/Inc/Legacy -O0 -ffunction-sections -fdata-sections -Wall -fstack-usage -MMD -MP -MF"Src/syscalls.d" -MT"Src/syscalls.o" --specs=nano.specs -mfpu=fpv4-sp-d16 -mfloat-abi=hard -mthumb -o "Src/syscalls.o"
arm-none-eabi-gcc "../Src/sysmem.c" -mcpu=cortex-m4 -std=gnu11 -g3 -DSTM32F427xx -DUSE_HAL_DRIVER -DDEBUG -c -I../Inc -IC:/Users/miyot/STM32Cube/Repository/STM32Cube_FW_F4_V1.24.1/Drivers/CMSIS/Device/ST/STM32F4xx/Include -IC:/Users/miyot/STM32Cube/Repository/STM32Cube_FW_F4_V1.24.1/Drivers/CMSIS/Include -IC:/Users/miyot/STM32Cube/Repository/STM32Cube_FW_F4_V1.24.1/Drivers/STM32F4xx_HAL_Driver/Inc -IC:/Users/miyot/STM32Cube/Repository/STM32Cube_FW_F4_V1.24.1/Drivers/STM32F4xx_HAL_Driver/Inc/Legacy -O0 -ffunction-sections -fdata-sections -Wall -fstack-usage -MMD -MP -MF"Src/sysmem.d" -MT"Src/sysmem.o" --specs=nano.specs -mfpu=fpv4-sp-d16 -mfloat-abi=hard -mthumb -o "Src/sysmem.o"
arm-none-eabi-gcc "../Src/system_stm32f4xx.c" -mcpu=cortex-m4 -std=gnu11 -g3 -DSTM32F427xx -DUSE_HAL_DRIVER -DDEBUG -c -I../Inc -IC:/Users/miyot/STM32Cube/Repository/STM32Cube_FW_F4_V1.24.1/Drivers/CMSIS/Device/ST/STM32F4xx/Include -IC:/Users/miyot/STM32Cube/Repository/STM32Cube_FW_F4_V1.24.1/Drivers/CMSIS/Include -IC:/Users/miyot/STM32Cube/Repository/STM32Cube_FW_F4_V1.24.1/Drivers/STM32F4xx_HAL_Driver/Inc -IC:/Users/miyot/STM32Cube/Repository/STM32Cube_FW_F4_V1.24.1/Drivers/STM32F4xx_HAL_Driver/Inc/Legacy -O0 -ffunction-sections -fdata-sections -Wall -fstack-usage -MMD -MP -MF"Src/system_stm32f4xx.d" -MT"Src/system_stm32f4xx.o" --specs=nano.specs -mfpu=fpv4-sp-d16 -mfloat-abi=hard -mthumb -o "Src/system_stm32f4xx.o"
arm-none-eabi-gcc "../Src/tim.c" -mcpu=cortex-m4 -std=gnu11 -g3 -DSTM32F427xx -DUSE_HAL_DRIVER -DDEBUG -c -I../Inc -IC:/Users/miyot/STM32Cube/Repository/STM32Cube_FW_F4_V1.24.1/Drivers/CMSIS/Device/ST/STM32F4xx/Include -IC:/Users/miyot/STM32Cube/Repository/STM32Cube_FW_F4_V1.24.1/Drivers/CMSIS/Include -IC:/Users/miyot/STM32Cube/Repository/STM32Cube_FW_F4_V1.24.1/Drivers/STM32F4xx_HAL_Driver/Inc -IC:/Users/miyot/STM32Cube/Repository/STM32Cube_FW_F4_V1.24.1/Drivers/STM32F4xx_HAL_Driver/Inc/Legacy -O0 -ffunction-sections -fdata-sections -Wall -fstack-usage -MMD -MP -MF"Src/tim.d" -MT"Src/tim.o" --specs=nano.specs -mfpu=fpv4-sp-d16 -mfloat-abi=hard -mthumb -o "Src/tim.o"
arm-none-eabi-gcc "../Src/usart.c" -mcpu=cortex-m4 -std=gnu11 -g3 -DSTM32F427xx -DUSE_HAL_DRIVER -DDEBUG -c -I../Inc -IC:/Users/miyot/STM32Cube/Repository/STM32Cube_FW_F4_V1.24.1/Drivers/CMSIS/Device/ST/STM32F4xx/Include -IC:/Users/miyot/STM32Cube/Repository/STM32Cube_FW_F4_V1.24.1/Drivers/CMSIS/Include -IC:/Users/miyot/STM32Cube/Repository/STM32Cube_FW_F4_V1.24.1/Drivers/STM32F4xx_HAL_Driver/Inc -IC:/Users/miyot/STM32Cube/Repository/STM32Cube_FW_F4_V1.24.1/Drivers/STM32F4xx_HAL_Driver/Inc/Legacy -O0 -ffunction-sections -fdata-sections -Wall -fstack-usage -MMD -MP -MF"Src/usart.d" -MT"Src/usart.o" --specs=nano.specs -mfpu=fpv4-sp-d16 -mfloat-abi=hard -mthumb -o "Src/usart.o"
arm-none-eabi-gcc "C:/Users/miyot/STM32Cube/Repository/STM32Cube_FW_F4_V1.24.1/Drivers/STM32F4xx_HAL_Driver/Src/stm32f4xx_hal.c" -mcpu=cortex-m4 -std=gnu11 -g3 -DSTM32F427xx -DUSE_HAL_DRIVER -DDEBUG -c -I../Inc -IC:/Users/miyot/STM32Cube/Repository/STM32Cube_FW_F4_V1.24.1/Drivers/CMSIS/Device/ST/STM32F4xx/Include -IC:/Users/miyot/STM32Cube/Repository/STM32Cube_FW_F4_V1.24.1/Drivers/CMSIS/Include -IC:/Users/miyot/STM32Cube/Repository/STM32Cube_FW_F4_V1.24.1/Drivers/STM32F4xx_HAL_Driver/Inc -IC:/Users/miyot/STM32Cube/Repository/STM32Cube_FW_F4_V1.24.1/Drivers/STM32F4xx_HAL_Driver/Inc/Legacy -O0 -ffunction-sections -fdata-sections -Wall -fstack-usage -MMD -MP -MF"Drivers/STM32F4xx_HAL_Driver/stm32f4xx_hal.d" -MT"Drivers/STM32F4xx_HAL_Driver/stm32f4xx_hal.o" --specs=nano.specs -mfpu=fpv4-sp-d16 -mfloat-abi=hard -mthumb -o "Drivers/STM32F4xx_HAL_Driver/stm32f4xx_hal.o"
arm-none-eabi-gcc "C:/Users/miyot/STM32Cube/Repository/STM32Cube_FW_F4_V1.24.1/Drivers/STM32F4xx_HAL_Driver/Src/stm32f4xx_hal_cortex.c" -mcpu=cortex-m4 -std=gnu11 -g3 -DSTM32F427xx -DUSE_HAL_DRIVER -DDEBUG -c -I../Inc -IC:/Users/miyot/STM32Cube/Repository/STM32Cube_FW_F4_V1.24.1/Drivers/CMSIS/Device/ST/STM32F4xx/Include -IC:/Users/miyot/STM32Cube/Repository/STM32Cube_FW_F4_V1.24.1/Drivers/CMSIS/Include -IC:/Users/miyot/STM32Cube/Repository/STM32Cube_FW_F4_V1.24.1/Drivers/STM32F4xx_HAL_Driver/Inc -IC:/Users/miyot/STM32Cube/Repository/STM32Cube_FW_F4_V1.24.1/Drivers/STM32F4xx_HAL_Driver/Inc/Legacy -O0 -ffunction-sections -fdata-sections -Wall -fstack-usage -MMD -MP -MF"Drivers/STM32F4xx_HAL_Driver/stm32f4xx_hal_cortex.d" -MT"Drivers/STM32F4xx_HAL_Driver/stm32f4xx_hal_cortex.o" --specs=nano.specs -mfpu=fpv4-sp-d16 -mfloat-abi=hard -mthumb -o "Drivers/STM32F4xx_HAL_Driver/stm32f4xx_hal_cortex.o"
arm-none-eabi-gcc "C:/Users/miyot/STM32Cube/Repository/STM32Cube_FW_F4_V1.24.1/Drivers/STM32F4xx_HAL_Driver/Src/stm32f4xx_hal_dma.c" -mcpu=cortex-m4 -std=gnu11 -g3 -DSTM32F427xx -DUSE_HAL_DRIVER -DDEBUG -c -I../Inc -IC:/Users/miyot/STM32Cube/Repository/STM32Cube_FW_F4_V1.24.1/Drivers/CMSIS/Device/ST/STM32F4xx/Include -IC:/Users/miyot/STM32Cube/Repository/STM32Cube_FW_F4_V1.24.1/Drivers/CMSIS/Include -IC:/Users/miyot/STM32Cube/Repository/STM32Cube_FW_F4_V1.24.1/Drivers/STM32F4xx_HAL_Driver/Inc -IC:/Users/miyot/STM32Cube/Repository/STM32Cube_FW_F4_V1.24.1/Drivers/STM32F4xx_HAL_Driver/Inc/Legacy -O0 -ffunction-sections -fdata-sections -Wall -fstack-usage -MMD -MP -MF"Drivers/STM32F4xx_HAL_Driver/stm32f4xx_hal_dma.d" -MT"Drivers/STM32F4xx_HAL_Driver/stm32f4xx_hal_dma.o" --specs=nano.specs -mfpu=fpv4-sp-d16 -mfloat-abi=hard -mthumb -o "Drivers/STM32F4xx_HAL_Driver/stm32f4xx_hal_dma.o"
arm-none-eabi-gcc "C:/Users/miyot/STM32Cube/Repository/STM32Cube_FW_F4_V1.24.1/Drivers/STM32F4xx_HAL_Driver/Src/stm32f4xx_hal_dma_ex.c" -mcpu=cortex-m4 -std=gnu11 -g3 -DSTM32F427xx -DUSE_HAL_DRIVER -DDEBUG -c -I../Inc -IC:/Users/miyot/STM32Cube/Repository/STM32Cube_FW_F4_V1.24.1/Drivers/CMSIS/Device/ST/STM32F4xx/Include -IC:/Users/miyot/STM32Cube/Repository/STM32Cube_FW_F4_V1.24.1/Drivers/CMSIS/Include -IC:/Users/miyot/STM32Cube/Repository/STM32Cube_FW_F4_V1.24.1/Drivers/STM32F4xx_HAL_Driver/Inc -IC:/Users/miyot/STM32Cube/Repository/STM32Cube_FW_F4_V1.24.1/Drivers/STM32F4xx_HAL_Driver/Inc/Legacy -O0 -ffunction-sections -fdata-sections -Wall -fstack-usage -MMD -MP -MF"Drivers/STM32F4xx_HAL_Driver/stm32f4xx_hal_dma_ex.d" -MT"Drivers/STM32F4xx_HAL_Driver/stm32f4xx_hal_dma_ex.o" --specs=nano.specs -mfpu=fpv4-sp-d16 -mfloat-abi=hard -mthumb -o "Drivers/STM32F4xx_HAL_Driver/stm32f4xx_hal_dma_ex.o"
arm-none-eabi-gcc "C:/Users/miyot/STM32Cube/Repository/STM32Cube_FW_F4_V1.24.1/Drivers/STM32F4xx_HAL_Driver/Src/stm32f4xx_hal_exti.c" -mcpu=cortex-m4 -std=gnu11 -g3 -DSTM32F427xx -DUSE_HAL_DRIVER -DDEBUG -c -I../Inc -IC:/Users/miyot/STM32Cube/Repository/STM32Cube_FW_F4_V1.24.1/Drivers/CMSIS/Device/ST/STM32F4xx/Include -IC:/Users/miyot/STM32Cube/Repository/STM32Cube_FW_F4_V1.24.1/Drivers/CMSIS/Include -IC:/Users/miyot/STM32Cube/Repository/STM32Cube_FW_F4_V1.24.1/Drivers/STM32F4xx_HAL_Driver/Inc -IC:/Users/miyot/STM32Cube/Repository/STM32Cube_FW_F4_V1.24.1/Drivers/STM32F4xx_HAL_Driver/Inc/Legacy -O0 -ffunction-sections -fdata-sections -Wall -fstack-usage -MMD -MP -MF"Drivers/STM32F4xx_HAL_Driver/stm32f4xx_hal_exti.d" -MT"Drivers/STM32F4xx_HAL_Driver/stm32f4xx_hal_exti.o" --specs=nano.specs -mfpu=fpv4-sp-d16 -mfloat-abi=hard -mthumb -o "Drivers/STM32F4xx_HAL_Driver/stm32f4xx_hal_exti.o"
arm-none-eabi-gcc "C:/Users/miyot/STM32Cube/Repository/STM32Cube_FW_F4_V1.24.1/Drivers/STM32F4xx_HAL_Driver/Src/stm32f4xx_hal_flash.c" -mcpu=cortex-m4 -std=gnu11 -g3 -DSTM32F427xx -DUSE_HAL_DRIVER -DDEBUG -c -I../Inc -IC:/Users/miyot/STM32Cube/Repository/STM32Cube_FW_F4_V1.24.1/Drivers/CMSIS/Device/ST/STM32F4xx/Include -IC:/Users/miyot/STM32Cube/Repository/STM32Cube_FW_F4_V1.24.1/Drivers/CMSIS/Include -IC:/Users/miyot/STM32Cube/Repository/STM32Cube_FW_F4_V1.24.1/Drivers/STM32F4xx_HAL_Driver/Inc -IC:/Users/miyot/STM32Cube/Repository/STM32Cube_FW_F4_V1.24.1/Drivers/STM32F4xx_HAL_Driver/Inc/Legacy -O0 -ffunction-sections -fdata-sections -Wall -fstack-usage -MMD -MP -MF"Drivers/STM32F4xx_HAL_Driver/stm32f4xx_hal_flash.d" -MT"Drivers/STM32F4xx_HAL_Driver/stm32f4xx_hal_flash.o" --specs=nano.specs -mfpu=fpv4-sp-d16 -mfloat-abi=hard -mthumb -o "Drivers/STM32F4xx_HAL_Driver/stm32f4xx_hal_flash.o"
arm-none-eabi-gcc "C:/Users/miyot/STM32Cube/Repository/STM32Cube_FW_F4_V1.24.1/Drivers/STM32F4xx_HAL_Driver/Src/stm32f4xx_hal_flash_ex.c" -mcpu=cortex-m4 -std=gnu11 -g3 -DSTM32F427xx -DUSE_HAL_DRIVER -DDEBUG -c -I../Inc -IC:/Users/miyot/STM32Cube/Repository/STM32Cube_FW_F4_V1.24.1/Drivers/CMSIS/Device/ST/STM32F4xx/Include -IC:/Users/miyot/STM32Cube/Repository/STM32Cube_FW_F4_V1.24.1/Drivers/CMSIS/Include -IC:/Users/miyot/STM32Cube/Repository/STM32Cube_FW_F4_V1.24.1/Drivers/STM32F4xx_HAL_Driver/Inc -IC:/Users/miyot/STM32Cube/Repository/STM32Cube_FW_F4_V1.24.1/Drivers/STM32F4xx_HAL_Driver/Inc/Legacy -O0 -ffunction-sections -fdata-sections -Wall -fstack-usage -MMD -MP -MF"Drivers/STM32F4xx_HAL_Driver/stm32f4xx_hal_flash_ex.d" -MT"Drivers/STM32F4xx_HAL_Driver/stm32f4xx_hal_flash_ex.o" --specs=nano.specs -mfpu=fpv4-sp-d16 -mfloat-abi=hard -mthumb -o "Drivers/STM32F4xx_HAL_Driver/stm32f4xx_hal_flash_ex.o"
arm-none-eabi-gcc "C:/Users/miyot/STM32Cube/Repository/STM32Cube_FW_F4_V1.24.1/Drivers/STM32F4xx_HAL_Driver/Src/stm32f4xx_hal_flash_ramfunc.c" -mcpu=cortex-m4 -std=gnu11 -g3 -DSTM32F427xx -DUSE_HAL_DRIVER -DDEBUG -c -I../Inc -IC:/Users/miyot/STM32Cube/Repository/STM32Cube_FW_F4_V1.24.1/Drivers/CMSIS/Device/ST/STM32F4xx/Include -IC:/Users/miyot/STM32Cube/Repository/STM32Cube_FW_F4_V1.24.1/Drivers/CMSIS/Include -IC:/Users/miyot/STM32Cube/Repository/STM32Cube_FW_F4_V1.24.1/Drivers/STM32F4xx_HAL_Driver/Inc -IC:/Users/miyot/STM32Cube/Repository/STM32Cube_FW_F4_V1.24.1/Drivers/STM32F4xx_HAL_Driver/Inc/Legacy -O0 -ffunction-sections -fdata-sections -Wall -fstack-usage -MMD -MP -MF"Drivers/STM32F4xx_HAL_Driver/stm32f4xx_hal_flash_ramfunc.d" -MT"Drivers/STM32F4xx_HAL_Driver/stm32f4xx_hal_flash_ramfunc.o" --specs=nano.specs -mfpu=fpv4-sp-d16 -mfloat-abi=hard -mthumb -o "Drivers/STM32F4xx_HAL_Driver/stm32f4xx_hal_flash_ramfunc.o"
arm-none-eabi-gcc "C:/Users/miyot/STM32Cube/Repository/STM32Cube_FW_F4_V1.24.1/Drivers/STM32F4xx_HAL_Driver/Src/stm32f4xx_hal_gpio.c" -mcpu=cortex-m4 -std=gnu11 -g3 -DSTM32F427xx -DUSE_HAL_DRIVER -DDEBUG -c -I../Inc -IC:/Users/miyot/STM32Cube/Repository/STM32Cube_FW_F4_V1.24.1/Drivers/CMSIS/Device/ST/STM32F4xx/Include -IC:/Users/miyot/STM32Cube/Repository/STM32Cube_FW_F4_V1.24.1/Drivers/CMSIS/Include -IC:/Users/miyot/STM32Cube/Repository/STM32Cube_FW_F4_V1.24.1/Drivers/STM32F4xx_HAL_Driver/Inc -IC:/Users/miyot/STM32Cube/Repository/STM32Cube_FW_F4_V1.24.1/Drivers/STM32F4xx_HAL_Driver/Inc/Legacy -O0 -ffunction-sections -fdata-sections -Wall -fstack-usage -MMD -MP -MF"Drivers/STM32F4xx_HAL_Driver/stm32f4xx_hal_gpio.d" -MT"Drivers/STM32F4xx_HAL_Driver/stm32f4xx_hal_gpio.o" --specs=nano.specs -mfpu=fpv4-sp-d16 -mfloat-abi=hard -mthumb -o "Drivers/STM32F4xx_HAL_Driver/stm32f4xx_hal_gpio.o"
arm-none-eabi-gcc "C:/Users/miyot/STM32Cube/Repository/STM32Cube_FW_F4_V1.24.1/Drivers/STM32F4xx_HAL_Driver/Src/stm32f4xx_hal_pwr.c" -mcpu=cortex-m4 -std=gnu11 -g3 -DSTM32F427xx -DUSE_HAL_DRIVER -DDEBUG -c -I../Inc -IC:/Users/miyot/STM32Cube/Repository/STM32Cube_FW_F4_V1.24.1/Drivers/CMSIS/Device/ST/STM32F4xx/Include -IC:/Users/miyot/STM32Cube/Repository/STM32Cube_FW_F4_V1.24.1/Drivers/CMSIS/Include -IC:/Users/miyot/STM32Cube/Repository/STM32Cube_FW_F4_V1.24.1/Drivers/STM32F4xx_HAL_Driver/Inc -IC:/Users/miyot/STM32Cube/Repository/STM32Cube_FW_F4_V1.24.1/Drivers/STM32F4xx_HAL_Driver/Inc/Legacy -O0 -ffunction-sections -fdata-sections -Wall -fstack-usage -MMD -MP -MF"Drivers/STM32F4xx_HAL_Driver/stm32f4xx_hal_pwr.d" -MT"Drivers/STM32F4xx_HAL_Driver/stm32f4xx_hal_pwr.o" --specs=nano.specs -mfpu=fpv4-sp-d16 -mfloat-abi=hard -mthumb -o "Drivers/STM32F4xx_HAL_Driver/stm32f4xx_hal_pwr.o"
arm-none-eabi-gcc "C:/Users/miyot/STM32Cube/Repository/STM32Cube_FW_F4_V1.24.1/Drivers/STM32F4xx_HAL_Driver/Src/stm32f4xx_hal_pwr_ex.c" -mcpu=cortex-m4 -std=gnu11 -g3 -DSTM32F427xx -DUSE_HAL_DRIVER -DDEBUG -c -I../Inc -IC:/Users/miyot/STM32Cube/Repository/STM32Cube_FW_F4_V1.24.1/Drivers/CMSIS/Device/ST/STM32F4xx/Include -IC:/Users/miyot/STM32Cube/Repository/STM32Cube_FW_F4_V1.24.1/Drivers/CMSIS/Include -IC:/Users/miyot/STM32Cube/Repository/STM32Cube_FW_F4_V1.24.1/Drivers/STM32F4xx_HAL_Driver/Inc -IC:/Users/miyot/STM32Cube/Repository/STM32Cube_FW_F4_V1.24.1/Drivers/STM32F4xx_HAL_Driver/Inc/Legacy -O0 -ffunction-sections -fdata-sections -Wall -fstack-usage -MMD -MP -MF"Drivers/STM32F4xx_HAL_Driver/stm32f4xx_hal_pwr_ex.d" -MT"Drivers/STM32F4xx_HAL_Driver/stm32f4xx_hal_pwr_ex.o" --specs=nano.specs -mfpu=fpv4-sp-d16 -mfloat-abi=hard -mthumb -o "Drivers/STM32F4xx_HAL_Driver/stm32f4xx_hal_pwr_ex.o"
arm-none-eabi-gcc "C:/Users/miyot/STM32Cube/Repository/STM32Cube_FW_F4_V1.24.1/Drivers/STM32F4xx_HAL_Driver/Src/stm32f4xx_hal_rcc.c" -mcpu=cortex-m4 -std=gnu11 -g3 -DSTM32F427xx -DUSE_HAL_DRIVER -DDEBUG -c -I../Inc -IC:/Users/miyot/STM32Cube/Repository/STM32Cube_FW_F4_V1.24.1/Drivers/CMSIS/Device/ST/STM32F4xx/Include -IC:/Users/miyot/STM32Cube/Repository/STM32Cube_FW_F4_V1.24.1/Drivers/CMSIS/Include -IC:/Users/miyot/STM32Cube/Repository/STM32Cube_FW_F4_V1.24.1/Drivers/STM32F4xx_HAL_Driver/Inc -IC:/Users/miyot/STM32Cube/Repository/STM32Cube_FW_F4_V1.24.1/Drivers/STM32F4xx_HAL_Driver/Inc/Legacy -O0 -ffunction-sections -fdata-sections -Wall -fstack-usage -MMD -MP -MF"Drivers/STM32F4xx_HAL_Driver/stm32f4xx_hal_rcc.d" -MT"Drivers/STM32F4xx_HAL_Driver/stm32f4xx_hal_rcc.o" --specs=nano.specs -mfpu=fpv4-sp-d16 -mfloat-abi=hard -mthumb -o "Drivers/STM32F4xx_HAL_Driver/stm32f4xx_hal_rcc.o"
arm-none-eabi-gcc "C:/Users/miyot/STM32Cube/Repository/STM32Cube_FW_F4_V1.24.1/Drivers/STM32F4xx_HAL_Driver/Src/stm32f4xx_hal_rcc_ex.c" -mcpu=cortex-m4 -std=gnu11 -g3 -DSTM32F427xx -DUSE_HAL_DRIVER -DDEBUG -c -I../Inc -IC:/Users/miyot/STM32Cube/Repository/STM32Cube_FW_F4_V1.24.1/Drivers/CMSIS/Device/ST/STM32F4xx/Include -IC:/Users/miyot/STM32Cube/Repository/STM32Cube_FW_F4_V1.24.1/Drivers/CMSIS/Include -IC:/Users/miyot/STM32Cube/Repository/STM32Cube_FW_F4_V1.24.1/Drivers/STM32F4xx_HAL_Driver/Inc -IC:/Users/miyot/STM32Cube/Repository/STM32Cube_FW_F4_V1.24.1/Drivers/STM32F4xx_HAL_Driver/Inc/Legacy -O0 -ffunction-sections -fdata-sections -Wall -fstack-usage -MMD -MP -MF"Drivers/STM32F4xx_HAL_Driver/stm32f4xx_hal_rcc_ex.d" -MT"Drivers/STM32F4xx_HAL_Driver/stm32f4xx_hal_rcc_ex.o" --specs=nano.specs -mfpu=fpv4-sp-d16 -mfloat-abi=hard -mthumb -o "Drivers/STM32F4xx_HAL_Driver/stm32f4xx_hal_rcc_ex.o"
arm-none-eabi-gcc "C:/Users/miyot/STM32Cube/Repository/STM32Cube_FW_F4_V1.24.1/Drivers/STM32F4xx_HAL_Driver/Src/stm32f4xx_hal_spi.c" -mcpu=cortex-m4 -std=gnu11 -g3 -DSTM32F427xx -DUSE_HAL_DRIVER -DDEBUG -c -I../Inc -IC:/Users/miyot/STM32Cube/Repository/STM32Cube_FW_F4_V1.24.1/Drivers/CMSIS/Device/ST/STM32F4xx/Include -IC:/Users/miyot/STM32Cube/Repository/STM32Cube_FW_F4_V1.24.1/Drivers/CMSIS/Include -IC:/Users/miyot/STM32Cube/Repository/STM32Cube_FW_F4_V1.24.1/Drivers/STM32F4xx_HAL_Driver/Inc -IC:/Users/miyot/STM32Cube/Repository/STM32Cube_FW_F4_V1.24.1/Drivers/STM32F4xx_HAL_Driver/Inc/Legacy -O0 -ffunction-sections -fdata-sections -Wall -fstack-usage -MMD -MP -MF"Drivers/STM32F4xx_HAL_Driver/stm32f4xx_hal_spi.d" -MT"Drivers/STM32F4xx_HAL_Driver/stm32f4xx_hal_spi.o" --specs=nano.specs -mfpu=fpv4-sp-d16 -mfloat-abi=hard -mthumb -o "Drivers/STM32F4xx_HAL_Driver/stm32f4xx_hal_spi.o"
arm-none-eabi-gcc "C:/Users/miyot/STM32Cube/Repository/STM32Cube_FW_F4_V1.24.1/Drivers/STM32F4xx_HAL_Driver/Src/stm32f4xx_hal_tim.c" -mcpu=cortex-m4 -std=gnu11 -g3 -DSTM32F427xx -DUSE_HAL_DRIVER -DDEBUG -c -I../Inc -IC:/Users/miyot/STM32Cube/Repository/STM32Cube_FW_F4_V1.24.1/Drivers/CMSIS/Device/ST/STM32F4xx/Include -IC:/Users/miyot/STM32Cube/Repository/STM32Cube_FW_F4_V1.24.1/Drivers/CMSIS/Include -IC:/Users/miyot/STM32Cube/Repository/STM32Cube_FW_F4_V1.24.1/Drivers/STM32F4xx_HAL_Driver/Inc -IC:/Users/miyot/STM32Cube/Repository/STM32Cube_FW_F4_V1.24.1/Drivers/STM32F4xx_HAL_Driver/Inc/Legacy -O0 -ffunction-sections -fdata-sections -Wall -fstack-usage -MMD -MP -MF"Drivers/STM32F4xx_HAL_Driver/stm32f4xx_hal_tim.d" -MT"Drivers/STM32F4xx_HAL_Driver/stm32f4xx_hal_tim.o" --specs=nano.specs -mfpu=fpv4-sp-d16 -mfloat-abi=hard -mthumb -o "Drivers/STM32F4xx_HAL_Driver/stm32f4xx_hal_tim.o"
arm-none-eabi-gcc "C:/Users/miyot/STM32Cube/Repository/STM32Cube_FW_F4_V1.24.1/Drivers/STM32F4xx_HAL_Driver/Src/stm32f4xx_hal_tim_ex.c" -mcpu=cortex-m4 -std=gnu11 -g3 -DSTM32F427xx -DUSE_HAL_DRIVER -DDEBUG -c -I../Inc -IC:/Users/miyot/STM32Cube/Repository/STM32Cube_FW_F4_V1.24.1/Drivers/CMSIS/Device/ST/STM32F4xx/Include -IC:/Users/miyot/STM32Cube/Repository/STM32Cube_FW_F4_V1.24.1/Drivers/CMSIS/Include -IC:/Users/miyot/STM32Cube/Repository/STM32Cube_FW_F4_V1.24.1/Drivers/STM32F4xx_HAL_Driver/Inc -IC:/Users/miyot/STM32Cube/Repository/STM32Cube_FW_F4_V1.24.1/Drivers/STM32F4xx_HAL_Driver/Inc/Legacy -O0 -ffunction-sections -fdata-sections -Wall -fstack-usage -MMD -MP -MF"Drivers/STM32F4xx_HAL_Driver/stm32f4xx_hal_tim_ex.d" -MT"Drivers/STM32F4xx_HAL_Driver/stm32f4xx_hal_tim_ex.o" --specs=nano.specs -mfpu=fpv4-sp-d16 -mfloat-abi=hard -mthumb -o "Drivers/STM32F4xx_HAL_Driver/stm32f4xx_hal_tim_ex.o"
arm-none-eabi-gcc "C:/Users/miyot/STM32Cube/Repository/STM32Cube_FW_F4_V1.24.1/Drivers/STM32F4xx_HAL_Driver/Src/stm32f4xx_hal_uart.c" -mcpu=cortex-m4 -std=gnu11 -g3 -DSTM32F427xx -DUSE_HAL_DRIVER -DDEBUG -c -I../Inc -IC:/Users/miyot/STM32Cube/Repository/STM32Cube_FW_F4_V1.24.1/Drivers/CMSIS/Device/ST/STM32F4xx/Include -IC:/Users/miyot/STM32Cube/Repository/STM32Cube_FW_F4_V1.24.1/Drivers/CMSIS/Include -IC:/Users/miyot/STM32Cube/Repository/STM32Cube_FW_F4_V1.24.1/Drivers/STM32F4xx_HAL_Driver/Inc -IC:/Users/miyot/STM32Cube/Repository/STM32Cube_FW_F4_V1.24.1/Drivers/STM32F4xx_HAL_Driver/Inc/Legacy -O0 -ffunction-sections -fdata-sections -Wall -fstack-usage -MMD -MP -MF"Drivers/STM32F4xx_HAL_Driver/stm32f4xx_hal_uart.d" -MT"Drivers/STM32F4xx_HAL_Driver/stm32f4xx_hal_uart.o" --specs=nano.specs -mfpu=fpv4-sp-d16 -mfloat-abi=hard -mthumb -o "Drivers/STM32F4xx_HAL_Driver/stm32f4xx_hal_uart.o"
arm-none-eabi-g++ -o "TEST_RDB_IBT-2.elf" @"objects.list"   -mcpu=cortex-m4 -T"C:\Users\miyot\STM32CubeIDE\workspace_1.0.1\TEST_RDB_IBT-2\STM32F427IIHX_FLASH.ld" --specs=nosys.specs -Wl,-Map="TEST_RDB_IBT-2.map" -Wl,--gc-sections -static --specs=nano.specs -mfpu=fpv4-sp-d16 -mfloat-abi=hard -mthumb -Wl,--start-group -lc -lm -lstdc++ -lsupc++ -Wl,--end-group
Finished building target: TEST_RDB_IBT-2.elf
 
arm-none-eabi-size   TEST_RDB_IBT-2.elf 
arm-none-eabi-objdump -h -S  TEST_RDB_IBT-2.elf  > "TEST_RDB_IBT-2.list"
   text	   data	    bss	    dec	    hex	filename
  15796	     20	   2140	  17956	   4624	TEST_RDB_IBT-2.elf
Finished building: default.size.stdout
 
Finished building: TEST_RDB_IBT-2.list
 
19:49:09 **** Incremental Build of configuration Debug for project TEST_RDB_IBT-2 ****
make -j4 all 
arm-none-eabi-size   TEST_RDB_IBT-2.elf 
   text	   data	    bss	    dec	    hex	filename
  15796	     20	   2140	  17956	   4624	TEST_RDB_IBT-2.elf
Finished building: default.size.stdout
 
19:49:55 **** Incremental Build of configuration Debug for project TEST_RDB_IBT-2 ****
make -j4 all 
arm-none-eabi-size   TEST_RDB_IBT-2.elf 
   text	   data	    bss	    dec	    hex	filename
  15796	     20	   2140	  17956	   4624	TEST_RDB_IBT-2.elf
Finished building: default.size.stdout
 
19:52:22 **** Incremental Build of configuration Debug for project TEST_RDB_IBT-2 ****
make -j4 all 
arm-none-eabi-size   TEST_RDB_IBT-2.elf 
   text	   data	    bss	    dec	    hex	filename
  15796	     20	   2140	  17956	   4624	TEST_RDB_IBT-2.elf
Finished building: default.size.stdout
 
19:56:04 **** Incremental Build of configuration Debug for project TEST_RDB_IBT-2 ****
make -j4 all 
arm-none-eabi-size   TEST_RDB_IBT-2.elf 
   text	   data	    bss	    dec	    hex	filename
  15796	     20	   2140	  17956	   4624	TEST_RDB_IBT-2.elf
Finished building: default.size.stdout
 
19:35:37 **** Build of configuration Debug for project LED_flash ****
make -j4 all 
arm-none-eabi-gcc -mcpu=cortex-m4 -g3 -c -x assembler-with-cpp --specs=nano.specs -mfpu=fpv4-sp-d16 -mfloat-abi=hard -mthumb -o "Startup/startup_stm32f427iihx.o" "../Startup/startup_stm32f427iihx.s"
arm-none-eabi-gcc "../Src/main.c" -mcpu=cortex-m4 -std=gnu11 -g3 -DSTM32F427xx -DUSE_HAL_DRIVER -DDEBUG -c -I../Inc -I../Drivers/CMSIS/Include -I../Drivers/STM32F4xx_HAL_Driver/Inc -I../Drivers/CMSIS/Device/ST/STM32F4xx/Include -I../Drivers/STM32F4xx_HAL_Driver/Inc/Legacy -O0 -ffunction-sections -fdata-sections -Wall -fstack-usage -MMD -MP -MF"Src/main.d" -MT"Src/main.o" --specs=nano.specs -mfpu=fpv4-sp-d16 -mfloat-abi=hard -mthumb -o "Src/main.o"
arm-none-eabi-gcc "../Src/stm32f4xx_hal_msp.c" -mcpu=cortex-m4 -std=gnu11 -g3 -DSTM32F427xx -DUSE_HAL_DRIVER -DDEBUG -c -I../Inc -I../Drivers/CMSIS/Include -I../Drivers/STM32F4xx_HAL_Driver/Inc -I../Drivers/CMSIS/Device/ST/STM32F4xx/Include -I../Drivers/STM32F4xx_HAL_Driver/Inc/Legacy -O0 -ffunction-sections -fdata-sections -Wall -fstack-usage -MMD -MP -MF"Src/stm32f4xx_hal_msp.d" -MT"Src/stm32f4xx_hal_msp.o" --specs=nano.specs -mfpu=fpv4-sp-d16 -mfloat-abi=hard -mthumb -o "Src/stm32f4xx_hal_msp.o"
arm-none-eabi-gcc "../Src/stm32f4xx_it.c" -mcpu=cortex-m4 -std=gnu11 -g3 -DSTM32F427xx -DUSE_HAL_DRIVER -DDEBUG -c -I../Inc -I../Drivers/CMSIS/Include -I../Drivers/STM32F4xx_HAL_Driver/Inc -I../Drivers/CMSIS/Device/ST/STM32F4xx/Include -I../Drivers/STM32F4xx_HAL_Driver/Inc/Legacy -O0 -ffunction-sections -fdata-sections -Wall -fstack-usage -MMD -MP -MF"Src/stm32f4xx_it.d" -MT"Src/stm32f4xx_it.o" --specs=nano.specs -mfpu=fpv4-sp-d16 -mfloat-abi=hard -mthumb -o "Src/stm32f4xx_it.o"
arm-none-eabi-gcc "../Src/syscalls.c" -mcpu=cortex-m4 -std=gnu11 -g3 -DSTM32F427xx -DUSE_HAL_DRIVER -DDEBUG -c -I../Inc -I../Drivers/CMSIS/Include -I../Drivers/STM32F4xx_HAL_Driver/Inc -I../Drivers/CMSIS/Device/ST/STM32F4xx/Include -I../Drivers/STM32F4xx_HAL_Driver/Inc/Legacy -O0 -ffunction-sections -fdata-sections -Wall -fstack-usage -MMD -MP -MF"Src/syscalls.d" -MT"Src/syscalls.o" --specs=nano.specs -mfpu=fpv4-sp-d16 -mfloat-abi=hard -mthumb -o "Src/syscalls.o"
arm-none-eabi-gcc "../Src/sysmem.c" -mcpu=cortex-m4 -std=gnu11 -g3 -DSTM32F427xx -DUSE_HAL_DRIVER -DDEBUG -c -I../Inc -I../Drivers/CMSIS/Include -I../Drivers/STM32F4xx_HAL_Driver/Inc -I../Drivers/CMSIS/Device/ST/STM32F4xx/Include -I../Drivers/STM32F4xx_HAL_Driver/Inc/Legacy -O0 -ffunction-sections -fdata-sections -Wall -fstack-usage -MMD -MP -MF"Src/sysmem.d" -MT"Src/sysmem.o" --specs=nano.specs -mfpu=fpv4-sp-d16 -mfloat-abi=hard -mthumb -o "Src/sysmem.o"
arm-none-eabi-gcc "../Src/system_stm32f4xx.c" -mcpu=cortex-m4 -std=gnu11 -g3 -DSTM32F427xx -DUSE_HAL_DRIVER -DDEBUG -c -I../Inc -I../Drivers/CMSIS/Include -I../Drivers/STM32F4xx_HAL_Driver/Inc -I../Drivers/CMSIS/Device/ST/STM32F4xx/Include -I../Drivers/STM32F4xx_HAL_Driver/Inc/Legacy -O0 -ffunction-sections -fdata-sections -Wall -fstack-usage -MMD -MP -MF"Src/system_stm32f4xx.d" -MT"Src/system_stm32f4xx.o" --specs=nano.specs -mfpu=fpv4-sp-d16 -mfloat-abi=hard -mthumb -o "Src/system_stm32f4xx.o"
arm-none-eabi-gcc "../Drivers/STM32F4xx_HAL_Driver/Src/stm32f4xx_hal.c" -mcpu=cortex-m4 -std=gnu11 -g3 -DSTM32F427xx -DUSE_HAL_DRIVER -DDEBUG -c -I../Inc -I../Drivers/CMSIS/Include -I../Drivers/STM32F4xx_HAL_Driver/Inc -I../Drivers/CMSIS/Device/ST/STM32F4xx/Include -I../Drivers/STM32F4xx_HAL_Driver/Inc/Legacy -O0 -ffunction-sections -fdata-sections -Wall -fstack-usage -MMD -MP -MF"Drivers/STM32F4xx_HAL_Driver/Src/stm32f4xx_hal.d" -MT"Drivers/STM32F4xx_HAL_Driver/Src/stm32f4xx_hal.o" --specs=nano.specs -mfpu=fpv4-sp-d16 -mfloat-abi=hard -mthumb -o "Drivers/STM32F4xx_HAL_Driver/Src/stm32f4xx_hal.o"
arm-none-eabi-gcc "../Drivers/STM32F4xx_HAL_Driver/Src/stm32f4xx_hal_cortex.c" -mcpu=cortex-m4 -std=gnu11 -g3 -DSTM32F427xx -DUSE_HAL_DRIVER -DDEBUG -c -I../Inc -I../Drivers/CMSIS/Include -I../Drivers/STM32F4xx_HAL_Driver/Inc -I../Drivers/CMSIS/Device/ST/STM32F4xx/Include -I../Drivers/STM32F4xx_HAL_Driver/Inc/Legacy -O0 -ffunction-sections -fdata-sections -Wall -fstack-usage -MMD -MP -MF"Drivers/STM32F4xx_HAL_Driver/Src/stm32f4xx_hal_cortex.d" -MT"Drivers/STM32F4xx_HAL_Driver/Src/stm32f4xx_hal_cortex.o" --specs=nano.specs -mfpu=fpv4-sp-d16 -mfloat-abi=hard -mthumb -o "Drivers/STM32F4xx_HAL_Driver/Src/stm32f4xx_hal_cortex.o"
arm-none-eabi-gcc "../Drivers/STM32F4xx_HAL_Driver/Src/stm32f4xx_hal_dma.c" -mcpu=cortex-m4 -std=gnu11 -g3 -DSTM32F427xx -DUSE_HAL_DRIVER -DDEBUG -c -I../Inc -I../Drivers/CMSIS/Include -I../Drivers/STM32F4xx_HAL_Driver/Inc -I../Drivers/CMSIS/Device/ST/STM32F4xx/Include -I../Drivers/STM32F4xx_HAL_Driver/Inc/Legacy -O0 -ffunction-sections -fdata-sections -Wall -fstack-usage -MMD -MP -MF"Drivers/STM32F4xx_HAL_Driver/Src/stm32f4xx_hal_dma.d" -MT"Drivers/STM32F4xx_HAL_Driver/Src/stm32f4xx_hal_dma.o" --specs=nano.specs -mfpu=fpv4-sp-d16 -mfloat-abi=hard -mthumb -o "Drivers/STM32F4xx_HAL_Driver/Src/stm32f4xx_hal_dma.o"
arm-none-eabi-gcc "../Drivers/STM32F4xx_HAL_Driver/Src/stm32f4xx_hal_dma_ex.c" -mcpu=cortex-m4 -std=gnu11 -g3 -DSTM32F427xx -DUSE_HAL_DRIVER -DDEBUG -c -I../Inc -I../Drivers/CMSIS/Include -I../Drivers/STM32F4xx_HAL_Driver/Inc -I../Drivers/CMSIS/Device/ST/STM32F4xx/Include -I../Drivers/STM32F4xx_HAL_Driver/Inc/Legacy -O0 -ffunction-sections -fdata-sections -Wall -fstack-usage -MMD -MP -MF"Drivers/STM32F4xx_HAL_Driver/Src/stm32f4xx_hal_dma_ex.d" -MT"Drivers/STM32F4xx_HAL_Driver/Src/stm32f4xx_hal_dma_ex.o" --specs=nano.specs -mfpu=fpv4-sp-d16 -mfloat-abi=hard -mthumb -o "Drivers/STM32F4xx_HAL_Driver/Src/stm32f4xx_hal_dma_ex.o"
arm-none-eabi-gcc "../Drivers/STM32F4xx_HAL_Driver/Src/stm32f4xx_hal_exti.c" -mcpu=cortex-m4 -std=gnu11 -g3 -DSTM32F427xx -DUSE_HAL_DRIVER -DDEBUG -c -I../Inc -I../Drivers/CMSIS/Include -I../Drivers/STM32F4xx_HAL_Driver/Inc -I../Drivers/CMSIS/Device/ST/STM32F4xx/Include -I../Drivers/STM32F4xx_HAL_Driver/Inc/Legacy -O0 -ffunction-sections -fdata-sections -Wall -fstack-usage -MMD -MP -MF"Drivers/STM32F4xx_HAL_Driver/Src/stm32f4xx_hal_exti.d" -MT"Drivers/STM32F4xx_HAL_Driver/Src/stm32f4xx_hal_exti.o" --specs=nano.specs -mfpu=fpv4-sp-d16 -mfloat-abi=hard -mthumb -o "Drivers/STM32F4xx_HAL_Driver/Src/stm32f4xx_hal_exti.o"
arm-none-eabi-gcc "../Drivers/STM32F4xx_HAL_Driver/Src/stm32f4xx_hal_flash.c" -mcpu=cortex-m4 -std=gnu11 -g3 -DSTM32F427xx -DUSE_HAL_DRIVER -DDEBUG -c -I../Inc -I../Drivers/CMSIS/Include -I../Drivers/STM32F4xx_HAL_Driver/Inc -I../Drivers/CMSIS/Device/ST/STM32F4xx/Include -I../Drivers/STM32F4xx_HAL_Driver/Inc/Legacy -O0 -ffunction-sections -fdata-sections -Wall -fstack-usage -MMD -MP -MF"Drivers/STM32F4xx_HAL_Driver/Src/stm32f4xx_hal_flash.d" -MT"Drivers/STM32F4xx_HAL_Driver/Src/stm32f4xx_hal_flash.o" --specs=nano.specs -mfpu=fpv4-sp-d16 -mfloat-abi=hard -mthumb -o "Drivers/STM32F4xx_HAL_Driver/Src/stm32f4xx_hal_flash.o"
arm-none-eabi-gcc "../Drivers/STM32F4xx_HAL_Driver/Src/stm32f4xx_hal_flash_ex.c" -mcpu=cortex-m4 -std=gnu11 -g3 -DSTM32F427xx -DUSE_HAL_DRIVER -DDEBUG -c -I../Inc -I../Drivers/CMSIS/Include -I../Drivers/STM32F4xx_HAL_Driver/Inc -I../Drivers/CMSIS/Device/ST/STM32F4xx/Include -I../Drivers/STM32F4xx_HAL_Driver/Inc/Legacy -O0 -ffunction-sections -fdata-sections -Wall -fstack-usage -MMD -MP -MF"Drivers/STM32F4xx_HAL_Driver/Src/stm32f4xx_hal_flash_ex.d" -MT"Drivers/STM32F4xx_HAL_Driver/Src/stm32f4xx_hal_flash_ex.o" --specs=nano.specs -mfpu=fpv4-sp-d16 -mfloat-abi=hard -mthumb -o "Drivers/STM32F4xx_HAL_Driver/Src/stm32f4xx_hal_flash_ex.o"
arm-none-eabi-gcc "../Drivers/STM32F4xx_HAL_Driver/Src/stm32f4xx_hal_flash_ramfunc.c" -mcpu=cortex-m4 -std=gnu11 -g3 -DSTM32F427xx -DUSE_HAL_DRIVER -DDEBUG -c -I../Inc -I../Drivers/CMSIS/Include -I../Drivers/STM32F4xx_HAL_Driver/Inc -I../Drivers/CMSIS/Device/ST/STM32F4xx/Include -I../Drivers/STM32F4xx_HAL_Driver/Inc/Legacy -O0 -ffunction-sections -fdata-sections -Wall -fstack-usage -MMD -MP -MF"Drivers/STM32F4xx_HAL_Driver/Src/stm32f4xx_hal_flash_ramfunc.d" -MT"Drivers/STM32F4xx_HAL_Driver/Src/stm32f4xx_hal_flash_ramfunc.o" --specs=nano.specs -mfpu=fpv4-sp-d16 -mfloat-abi=hard -mthumb -o "Drivers/STM32F4xx_HAL_Driver/Src/stm32f4xx_hal_flash_ramfunc.o"
arm-none-eabi-gcc "../Drivers/STM32F4xx_HAL_Driver/Src/stm32f4xx_hal_gpio.c" -mcpu=cortex-m4 -std=gnu11 -g3 -DSTM32F427xx -DUSE_HAL_DRIVER -DDEBUG -c -I../Inc -I../Drivers/CMSIS/Include -I../Drivers/STM32F4xx_HAL_Driver/Inc -I../Drivers/CMSIS/Device/ST/STM32F4xx/Include -I../Drivers/STM32F4xx_HAL_Driver/Inc/Legacy -O0 -ffunction-sections -fdata-sections -Wall -fstack-usage -MMD -MP -MF"Drivers/STM32F4xx_HAL_Driver/Src/stm32f4xx_hal_gpio.d" -MT"Drivers/STM32F4xx_HAL_Driver/Src/stm32f4xx_hal_gpio.o" --specs=nano.specs -mfpu=fpv4-sp-d16 -mfloat-abi=hard -mthumb -o "Drivers/STM32F4xx_HAL_Driver/Src/stm32f4xx_hal_gpio.o"
arm-none-eabi-gcc "../Drivers/STM32F4xx_HAL_Driver/Src/stm32f4xx_hal_pwr.c" -mcpu=cortex-m4 -std=gnu11 -g3 -DSTM32F427xx -DUSE_HAL_DRIVER -DDEBUG -c -I../Inc -I../Drivers/CMSIS/Include -I../Drivers/STM32F4xx_HAL_Driver/Inc -I../Drivers/CMSIS/Device/ST/STM32F4xx/Include -I../Drivers/STM32F4xx_HAL_Driver/Inc/Legacy -O0 -ffunction-sections -fdata-sections -Wall -fstack-usage -MMD -MP -MF"Drivers/STM32F4xx_HAL_Driver/Src/stm32f4xx_hal_pwr.d" -MT"Drivers/STM32F4xx_HAL_Driver/Src/stm32f4xx_hal_pwr.o" --specs=nano.specs -mfpu=fpv4-sp-d16 -mfloat-abi=hard -mthumb -o "Drivers/STM32F4xx_HAL_Driver/Src/stm32f4xx_hal_pwr.o"
arm-none-eabi-gcc "../Drivers/STM32F4xx_HAL_Driver/Src/stm32f4xx_hal_pwr_ex.c" -mcpu=cortex-m4 -std=gnu11 -g3 -DSTM32F427xx -DUSE_HAL_DRIVER -DDEBUG -c -I../Inc -I../Drivers/CMSIS/Include -I../Drivers/STM32F4xx_HAL_Driver/Inc -I../Drivers/CMSIS/Device/ST/STM32F4xx/Include -I../Drivers/STM32F4xx_HAL_Driver/Inc/Legacy -O0 -ffunction-sections -fdata-sections -Wall -fstack-usage -MMD -MP -MF"Drivers/STM32F4xx_HAL_Driver/Src/stm32f4xx_hal_pwr_ex.d" -MT"Drivers/STM32F4xx_HAL_Driver/Src/stm32f4xx_hal_pwr_ex.o" --specs=nano.specs -mfpu=fpv4-sp-d16 -mfloat-abi=hard -mthumb -o "Drivers/STM32F4xx_HAL_Driver/Src/stm32f4xx_hal_pwr_ex.o"
arm-none-eabi-gcc "../Drivers/STM32F4xx_HAL_Driver/Src/stm32f4xx_hal_rcc.c" -mcpu=cortex-m4 -std=gnu11 -g3 -DSTM32F427xx -DUSE_HAL_DRIVER -DDEBUG -c -I../Inc -I../Drivers/CMSIS/Include -I../Drivers/STM32F4xx_HAL_Driver/Inc -I../Drivers/CMSIS/Device/ST/STM32F4xx/Include -I../Drivers/STM32F4xx_HAL_Driver/Inc/Legacy -O0 -ffunction-sections -fdata-sections -Wall -fstack-usage -MMD -MP -MF"Drivers/STM32F4xx_HAL_Driver/Src/stm32f4xx_hal_rcc.d" -MT"Drivers/STM32F4xx_HAL_Driver/Src/stm32f4xx_hal_rcc.o" --specs=nano.specs -mfpu=fpv4-sp-d16 -mfloat-abi=hard -mthumb -o "Drivers/STM32F4xx_HAL_Driver/Src/stm32f4xx_hal_rcc.o"
arm-none-eabi-gcc "../Drivers/STM32F4xx_HAL_Driver/Src/stm32f4xx_hal_rcc_ex.c" -mcpu=cortex-m4 -std=gnu11 -g3 -DSTM32F427xx -DUSE_HAL_DRIVER -DDEBUG -c -I../Inc -I../Drivers/CMSIS/Include -I../Drivers/STM32F4xx_HAL_Driver/Inc -I../Drivers/CMSIS/Device/ST/STM32F4xx/Include -I../Drivers/STM32F4xx_HAL_Driver/Inc/Legacy -O0 -ffunction-sections -fdata-sections -Wall -fstack-usage -MMD -MP -MF"Drivers/STM32F4xx_HAL_Driver/Src/stm32f4xx_hal_rcc_ex.d" -MT"Drivers/STM32F4xx_HAL_Driver/Src/stm32f4xx_hal_rcc_ex.o" --specs=nano.specs -mfpu=fpv4-sp-d16 -mfloat-abi=hard -mthumb -o "Drivers/STM32F4xx_HAL_Driver/Src/stm32f4xx_hal_rcc_ex.o"
arm-none-eabi-gcc "../Drivers/STM32F4xx_HAL_Driver/Src/stm32f4xx_hal_tim.c" -mcpu=cortex-m4 -std=gnu11 -g3 -DSTM32F427xx -DUSE_HAL_DRIVER -DDEBUG -c -I../Inc -I../Drivers/CMSIS/Include -I../Drivers/STM32F4xx_HAL_Driver/Inc -I../Drivers/CMSIS/Device/ST/STM32F4xx/Include -I../Drivers/STM32F4xx_HAL_Driver/Inc/Legacy -O0 -ffunction-sections -fdata-sections -Wall -fstack-usage -MMD -MP -MF"Drivers/STM32F4xx_HAL_Driver/Src/stm32f4xx_hal_tim.d" -MT"Drivers/STM32F4xx_HAL_Driver/Src/stm32f4xx_hal_tim.o" --specs=nano.specs -mfpu=fpv4-sp-d16 -mfloat-abi=hard -mthumb -o "Drivers/STM32F4xx_HAL_Driver/Src/stm32f4xx_hal_tim.o"
arm-none-eabi-gcc "../Drivers/STM32F4xx_HAL_Driver/Src/stm32f4xx_hal_tim_ex.c" -mcpu=cortex-m4 -std=gnu11 -g3 -DSTM32F427xx -DUSE_HAL_DRIVER -DDEBUG -c -I../Inc -I../Drivers/CMSIS/Include -I../Drivers/STM32F4xx_HAL_Driver/Inc -I../Drivers/CMSIS/Device/ST/STM32F4xx/Include -I../Drivers/STM32F4xx_HAL_Driver/Inc/Legacy -O0 -ffunction-sections -fdata-sections -Wall -fstack-usage -MMD -MP -MF"Drivers/STM32F4xx_HAL_Driver/Src/stm32f4xx_hal_tim_ex.d" -MT"Drivers/STM32F4xx_HAL_Driver/Src/stm32f4xx_hal_tim_ex.o" --specs=nano.specs -mfpu=fpv4-sp-d16 -mfloat-abi=hard -mthumb -o "Drivers/STM32F4xx_HAL_Driver/Src/stm32f4xx_hal_tim_ex.o"
arm-none-eabi-g++ -o "LED_flash.elf" @"objects.list"   -mcpu=cortex-m4 -T"C:\Users\miyot\STM32CubeIDE\workspace_1.0.1\LED_flash\STM32F427IIHX_FLASH.ld" --specs=nosys.specs -Wl,-Map="LED_flash.map" -Wl,--gc-sections -static --specs=nano.specs -mfpu=fpv4-sp-d16 -mfloat-abi=hard -mthumb -Wl,--start-group -lc -lm -lstdc++ -lsupc++ -Wl,--end-group
Finished building target: LED_flash.elf
 
arm-none-eabi-size   LED_flash.elf 
arm-none-eabi-objdump -h -S  LED_flash.elf  > "LED_flash.list"
   text	   data	    bss	    dec	    hex	filename
   6160	     20	   1572	   7752	   1e48	LED_flash.elf
Finished building: default.size.stdout
 
Finished building: LED_flash.list
 
19:45:54 **** Incremental Build of configuration Debug for project LED_flash ****
make -j4 all 
arm-none-eabi-size   LED_flash.elf 
   text	   data	    bss	    dec	    hex	filename
   6160	     20	   1572	   7752	   1e48	LED_flash.elf
Finished building: default.size.stdout
 
20:25:27 **** Incremental Build of configuration Debug for project LED_flash ****
make -j4 all 
arm-none-eabi-size   LED_flash.elf 
   text	   data	    bss	    dec	    hex	filename
   6160	     20	   1572	   7752	   1e48	LED_flash.elf
Finished building: default.size.stdout
 
